<?xml version="1.0" encoding="UTF-8"?>
<testsuites name="jest tests" tests="8" failures="2" errors="0" time="5.407">
  <testsuite name="accordion test" errors="0" failures="2" skipped="0" timestamp="2023-09-22T18:01:36" time="5.224" tests="8">
    <testcase classname="accordion test shows the 1st item description expanded by default" name="accordion test shows the 1st item description expanded by default" time="0.604">
    </testcase>
    <testcase classname="accordion test expands the item description when clicking on a title of collapsed element" name="accordion test expands the item description when clicking on a title of collapsed element" time="0.406">
    </testcase>
    <testcase classname="accordion test shows expand icon when item is collapsed" name="accordion test shows expand icon when item is collapsed" time="0.25">
    </testcase>
    <testcase classname="accordion test shows collapse icon when item is expanded" name="accordion test shows collapse icon when item is expanded" time="0.315">
    </testcase>
    <testcase classname="accordion test collapses the item description when clicking on title of expanded item" name="accordion test collapses the item description when clicking on title of expanded item" time="0.26">
    </testcase>
    <testcase classname="accordion test collapses all expanded elements when expanding an another item" name="accordion test collapses all expanded elements when expanding an another item" time="0.298">
      <failure>Error: expect(element).not.toBeVisible()

Received element is visible:
  &lt;div class=&quot;description&quot; style=&quot;display: block;&quot; /&gt;
    at Object.toBeVisible (C:\Users\efhurtado\developement\258d475a-81fc-4755-87b6-6daba421c643\test\test.js:127:34)
    at processTicksAndRejections (node:internal/process/task_queues:95:5)</failure>
    </testcase>
    <testcase classname="accordion test expands more than one item if multi-select is enabled" name="accordion test expands more than one item if multi-select is enabled" time="0.252">
    </testcase>
    <testcase classname="accordion test collapses all other items when expanding an item after multi-select has beem disabled" name="accordion test collapses all other items when expanding an item after multi-select has beem disabled" time="0.285">
      <failure>Error: expect(element).not.toBeVisible()

Received element is visible:
  &lt;div class=&quot;description&quot; style=&quot;display: block;&quot; /&gt;
    at Object.toBeVisible (C:\Users\efhurtado\developement\258d475a-81fc-4755-87b6-6daba421c643\test\test.js:205:34)
    at processTicksAndRejections (node:internal/process/task_queues:95:5)</failure>
    </testcase>
  </testsuite>
</testsuites>